core_cm4.h:1676:26:__NVIC_GetPriorityGrouping	4	static
core_cm4.h:1688:22:__NVIC_EnableIRQ	16	static
core_cm4.h:1816:22:__NVIC_SetPriority	16	static
core_cm4.h:1863:26:NVIC_EncodePriority	40	static
stm32l4xx_ll_system.h:772:22:LL_SYSCFG_SetEXTISource	24	static,ignoring_inline_asm
stm32l4xx_ll_gpio.h:286:22:LL_GPIO_SetPinMode	40	static,ignoring_inline_asm
stm32l4xx_ll_gpio.h:497:22:LL_GPIO_SetPinPull	40	static,ignoring_inline_asm
stm32l4xx_ll_gpio.h:718:22:LL_GPIO_EnablePinAnalogControl	16	static
stm32l4xx_ll_gpio.h:957:22:LL_GPIO_SetOutputPin	16	static
stm32l4xx_ll_gpio.h:986:22:LL_GPIO_ResetOutputPin	16	static
stm32l4xx_ll_gpio.h:1015:22:LL_GPIO_TogglePin	16	static
stm32l4xx_ll_bus.h:562:22:LL_AHB2_GRP1_EnableClock	24	static
stm32l4xx_ll_utils.h:202:26:LL_GetUID_Word0	4	static
stm32l4xx_ll_utils.h:211:26:LL_GetUID_Word1	4	static
stm32l4xx_ll_utils.h:220:26:LL_GetUID_Word2	4	static
stm32l4xx_ll_utils.h:231:26:LL_GetFlashSize	4	static
main.c:89:5:main	40	static
main.c:233:6:SystemClock_Config	232	static
main.c:309:13:MX_DFSDM1_Init	8	static
main.c:347:13:MX_I2C2_Init	8	static
main.c:393:13:MX_QUADSPI_Init	8	static
main.c:426:13:MX_SPI3_Init	8	static
main.c:466:13:MX_USART1_UART_Init	8	static
main.c:501:13:MX_USART3_UART_Init	8	static
main.c:536:13:MX_USB_OTG_FS_PCD_Init	8	static
main.c:571:13:MX_GPIO_Init	48	static
main.c:953:5:__io_putchar	16	static
main.c:958:5:__io_getchar	16	static
main.c:971:6:Error_Handler	4	static
